­ƒº¬ INICIANDO TESTES DE BACKUP/RESTORE

==================================================

­ƒôÑ 1. Inserindo dados mockados...
Ô£à 2 publicadores mockados inseridos

­ƒôñ 2. Buscando dados (simular export)...
Ô£à 2 registros exportados
   Estrutura: ["id","data","created_at"]

­ƒôè 3. Simulando serializa├º├úo Excel...
   Exemplo ap├│s serializa├º├úo:
   id: test-001
   data (primeiros 100 chars): {"id":"test-001","name":"Jo├úo Teste","phone":"27 99999-0001","gender":"brother","aliases":["Jo├úo T."...

­ƒôÑ 4. Simulando parse do Excel...
   Ap├│s parse:
   name: Jo├úo Teste
   phone: 27 99999-0001
   aliases: ["Jo├úo T."]

­ƒöä 5. Simulando restore...
   Dados deletados
   Verifica├º├úo: 0 registros de teste (esperado: 0)
   Dados restaurados

­ƒöì 6. Verificando integridade...
   Ô£à name: Jo├úo Teste = Jo├úo Teste
   Ô£à phone: 27 99999-0001 = 27 99999-0001
   Ô£à gender: brother = brother
   Ô£à condition: Anci├úo = Anci├úo
   Ô£à aliases: ["Jo├úo T."] = ["Jo├úo T."]
   Ô£à privileges.canPray: true = true

­ƒº╣ 7. Limpando dados de teste...
   Dados de teste removidos

==================================================
­ƒÄë TODOS OS TESTES PASSARAM!
   O backup/restore est├í funcionando corretamente.
